RESULT REGISTER 1
RESULT LOGIN 1
RESULT CHANNELS f1, intros, local, news, 茶馆
RESULT CREATE news 0
RESULT JOIN news 1
RESULT JOIN intros 1
RESULT JOIN f1 1
