RESULT REGISTER 1
RESULT LOGIN 1
RESULT CHANNELS 
RESULT CREATE news 1
RESULT CHANNELS news
RESULT CREATE intros 1
RESULT CHANNELS intros, news
RESULT CREATE f1 1
RESULT CHANNELS f1, intros, news
RESULT JOIN news 1
RESULT JOIN intros 1
RESULT JOIN f1 1
