RESULT CHANNELS f1, intros, news
RESULT REGISTER 1
RESULT REGISTER 0
RESULT LOGIN 0
RESULT LOGIN 0
RESULT LOGIN 1
RESULT LOGIN 0
RESULT CREATE local 1
RESULT JOIN local 1
RESULT CHANNELS f1, intros, local, news
RESULT JOIN f2 0
RESULT JOIN f1 1
RESULT CREATE f1 0
RESULT JOIN f1 0
RECV user3 f1 it's race weekend
RECV user3 f1 in_Qatar
RECV user3 local walking
